// Jest Snapshot v1, https://goo.gl/fbAQLP

exports[`gets the list of categories 1`] = `
<body>
  <div>
    <header
      class="MuiPaper-root MuiAppBar-root MuiAppBar-positionStatic MuiAppBar-colorPrimary MuiPaper-elevation4"
    >
      <div
        class="MuiContainer-root MuiContainer-maxWidthLg"
      >
        <div
          class="MuiToolbar-root MuiToolbar-regular MuiToolbar-gutters"
        >
          <div
            class="MuiBox-root MuiBox-root"
          >
            <a
              aria-current="page"
              aria-disabled="false"
              class="MuiButtonBase-root MuiButton-root MuiButton-text MuiButton-colorInherit"
              href="/"
              role="button"
              tabindex="0"
            >
              <span
                class="MuiButton-label"
              >
                Home
              </span>
              <span
                class="MuiTouchRipple-root"
              />
            </a>
          </div>
          <button
            class="MuiButtonBase-root MuiButton-root MuiButton-text MuiButton-colorInherit"
            tabindex="0"
            type="button"
          >
            <span
              class="MuiButton-label"
            >
              Register
            </span>
            <span
              class="MuiTouchRipple-root"
            />
          </button>
          <button
            class="MuiButtonBase-root MuiButton-root MuiButton-text MuiButton-colorInherit"
            tabindex="0"
            type="button"
          >
            <span
              class="MuiButton-label"
            >
              Login
            </span>
            <span
              class="MuiTouchRipple-root"
            />
          </button>
        </div>
      </div>
    </header>
    <div
      class="MuiBox-root MuiBox-root"
    >
      <div
        class="MuiContainer-root MuiContainer-maxWidthLg"
      >
        <div
          class="MuiGrid-root MuiGrid-container MuiGrid-spacing-xs-2"
        >
          <div
            class="MuiGrid-root MuiGrid-item MuiGrid-grid-xs-6"
          >
            <div
              class="MuiPaper-root MuiPaper-elevation1 MuiPaper-rounded"
            >
              <div
                class="MuiBox-root MuiBox-root"
              >
                <ul
                  class="MuiList-root MuiList-padding"
                />
                <ul
                  class="MuiList-root MuiList-padding"
                >
                  <li
                    class="MuiListItem-container"
                  >
                    <div
                      class="MuiListItem-root MuiListItem-gutters MuiListItem-secondaryAction"
                    >
                      <nav
                        aria-label="pagination navigation"
                        class="MuiPagination-root"
                      >
                        <ul
                          class="MuiPagination-ul"
                        >
                          <li>
                            <button
                              aria-label="Go to previous page"
                              class="MuiButtonBase-root MuiPaginationItem-root MuiPaginationItem-page MuiPaginationItem-disabled MuiButtonBase-disabled"
                              disabled=""
                              tabindex="-1"
                              type="button"
                            >
                              <svg
                                aria-hidden="true"
                                class="MuiSvgIcon-root MuiPaginationItem-icon"
                                focusable="false"
                                viewBox="0 0 24 24"
                              >
                                <path
                                  d="M15.41 7.41L14 6l-6 6 6 6 1.41-1.41L10.83 12z"
                                />
                              </svg>
                            </button>
                          </li>
                          <li>
                            <button
                              aria-label="Go to next page"
                              class="MuiButtonBase-root MuiPaginationItem-root MuiPaginationItem-page MuiPaginationItem-disabled MuiButtonBase-disabled"
                              disabled=""
                              tabindex="-1"
                              type="button"
                            >
                              <svg
                                aria-hidden="true"
                                class="MuiSvgIcon-root MuiPaginationItem-icon"
                                focusable="false"
                                viewBox="0 0 24 24"
                              >
                                <path
                                  d="M10 6L8.59 7.41 13.17 12l-4.58 4.59L10 18l6-6z"
                                />
                              </svg>
                            </button>
                          </li>
                        </ul>
                      </nav>
                    </div>
                    <div
                      class="MuiListItemSecondaryAction-root"
                    >
                      <div />
                    </div>
                  </li>
                </ul>
              </div>
            </div>
          </div>
          <div
            class="MuiGrid-root MuiGrid-item MuiGrid-grid-xs-6"
          />
        </div>
      </div>
    </div>
  </div>
</body>
`;
