// Jest Snapshot v1, https://goo.gl/fbAQLP

exports[`can log in 1`] = `
<body
  style="padding-right: 0px; overflow: hidden;"
>
  <div
    aria-hidden="true"
  >
    <button
      class="MuiButtonBase-root MuiButton-root MuiButton-text MuiButton-colorInherit"
      tabindex="0"
      type="button"
    >
      <span
        class="MuiButton-label"
      >
        Login
      </span>
      <span
        class="MuiTouchRipple-root"
      />
    </button>
  </div>
  <div
    class="MuiDialog-root"
    role="presentation"
    style="position: fixed; z-index: 1300; right: 0px; bottom: 0px; top: 0px; left: 0px;"
  >
    <div
      aria-hidden="true"
      class="MuiBackdrop-root"
      style="opacity: 1; webkit-transition: opacity 225ms cubic-bezier(0.4, 0, 0.2, 1) 0ms; transition: opacity 225ms cubic-bezier(0.4, 0, 0.2, 1) 0ms;"
    />
    <div
      data-test="sentinelStart"
      tabindex="0"
    />
    <div
      class="MuiDialog-container MuiDialog-scrollPaper"
      role="none presentation"
      style="opacity: 1; webkit-transition: opacity 225ms cubic-bezier(0.4, 0, 0.2, 1) 0ms; transition: opacity 225ms cubic-bezier(0.4, 0, 0.2, 1) 0ms;"
      tabindex="-1"
    >
      <div
        aria-labelledby="login-form-title"
        class="MuiPaper-root MuiDialog-paper MuiDialog-paperScrollPaper MuiDialog-paperWidthSm MuiDialog-paperFullWidth MuiPaper-elevation24 MuiPaper-rounded"
        role="dialog"
      >
        <div
          class="MuiDialogTitle-root"
          id="login-form-title"
        >
          <h2
            class="MuiTypography-root MuiTypography-h6"
          >
            Login
          </h2>
        </div>
        <div
          class="MuiDialogContent-root"
        >
          <form
            novalidate=""
          >
            <div
              class="MuiFormControl-root MuiTextField-root MuiFormControl-fullWidth"
            >
              <label
                class="MuiFormLabel-root MuiInputLabel-root MuiInputLabel-formControl MuiInputLabel-animated MuiFormLabel-required MuiInputLabel-required"
                data-shrink="false"
                for="login-username"
                id="login-username-label"
              >
                Username
                <span
                  class="MuiFormLabel-asterisk MuiInputLabel-asterisk"
                >
                   
                  *
                </span>
              </label>
              <div
                class="MuiInputBase-root MuiInput-root MuiInput-underline MuiInputBase-fullWidth MuiInput-fullWidth MuiInputBase-formControl MuiInput-formControl"
              >
                <input
                  aria-invalid="false"
                  class="MuiInputBase-input MuiInput-input"
                  id="login-username"
                  name="username"
                  required=""
                  type="text"
                  value=""
                />
              </div>
            </div>
            <div
              class="MuiFormControl-root MuiTextField-root MuiFormControl-fullWidth"
            >
              <label
                class="MuiFormLabel-root MuiInputLabel-root MuiInputLabel-formControl MuiInputLabel-animated MuiFormLabel-required MuiInputLabel-required"
                data-shrink="false"
                for="login-password"
                id="login-password-label"
              >
                Password
                <span
                  class="MuiFormLabel-asterisk MuiInputLabel-asterisk"
                >
                   
                  *
                </span>
              </label>
              <div
                class="MuiInputBase-root MuiInput-root MuiInput-underline MuiInputBase-fullWidth MuiInput-fullWidth MuiInputBase-formControl MuiInput-formControl"
              >
                <input
                  aria-invalid="false"
                  class="MuiInputBase-input MuiInput-input"
                  id="login-password"
                  name="password"
                  required=""
                  type="password"
                  value=""
                />
              </div>
            </div>
            <div
              class="MuiDialogActions-root MuiDialogActions-spacing"
            >
              <button
                class="MuiButtonBase-root MuiButton-root MuiButton-text"
                tabindex="0"
                type="button"
              >
                <span
                  class="MuiButton-label"
                >
                  Cancel
                </span>
                <span
                  class="MuiTouchRipple-root"
                />
              </button>
              <button
                class="MuiButtonBase-root MuiButton-root MuiButton-text MuiButton-textPrimary MuiButton-disabled MuiButtonBase-disabled"
                disabled=""
                tabindex="-1"
                type="submit"
              >
                <span
                  class="MuiButton-label"
                >
                  Login
                </span>
              </button>
            </div>
          </form>
        </div>
      </div>
    </div>
    <div
      data-test="sentinelEnd"
      tabindex="0"
    />
  </div>
</body>
`;
