// Jest Snapshot v1, https://goo.gl/fbAQLP

exports[`can logout 1`] = `
<body>
  <div>
    <button
      class="MuiButtonBase-root MuiButton-root MuiButton-text MuiButton-colorInherit"
      tabindex="0"
      type="button"
    >
      <span
        class="MuiButton-label"
      >
        Logout
      </span>
      <span
        class="MuiTouchRipple-root"
      />
    </button>
  </div>
</body>
`;
